Script started on 2026-06-17 08:50:00+08:00 [COMMAND="env NO_PROXY=localhost,127.0.0.1 no_proxy=localhost,127.0.0.1 DROID_PATH=var/droid/1.0.0 DROID_MAX_EPISODES=60 DROID_TF_SHARD_COUNT=2 BENCH_TARGETS=all BENCH_BATCH_SIZE=10000 /home/yikanji/miniconda3/envs/tfrecord_env/bin/python benchmark/droid_scenario.py" <not executed on terminal>]
========================================================================================
  DROID 场景化 Benchmark
  轨迹: ≤60 条, 分片: 2, ~15Hz
  目标库: InfluxDB 3, IoTDB, PostgreSQL, DolphinDB
========================================================================================

[准备] 加载 DROID...
  60 条轨迹, 17979 步, 377,559 数据点

[写入] InfluxDB 3...
  377,559 点, 50,049 pts/s, 耗时 7.5s

[写入] IoTDB...
  377,559 点, 112,765 pts/s, 耗时 3.3s

[写入] PostgreSQL...
  377,559 行, 102,958 rows/s, 耗时 3.7s

[写入] DolphinDB...
  377,559 行, 277,512 rows/s, 耗时 1.4s

[场景] 场景测试

-------------------------

[场景1] 降采样: 原始 -> 1s 窗口均值 (ep0, jpos_d0)
  InfluxDB 3 9.2 ms | IoTDB 4.6 ms | PostgreSQL 2.6 ms | DolphinDB 1.0 ms

[场景2] 插值: 删除 ep0/jpos_d0 中间 50 点后线性补全
  InfluxDB 3 16.2 ms | IoTDB 2.8 ms | PostgreSQL 7.8 ms | DolphinDB 1.4 ms

[场景3] 滑动窗口: 1s 窗口 STDDEV 检测关节抖动 (ep0, jvel_d0)
  InfluxDB 3 5.8 ms | IoTDB 3.3 ms | PostgreSQL 1.9 ms | DolphinDB 0.9 ms

[场景4] 跨轨迹聚合: 60 条轨迹关节位置全局 AVG + STDDEV
  InfluxDB 3 8.5 ms | IoTDB 3.7 ms | PostgreSQL 11.2 ms | DolphinDB 3.9 ms

[磁盘] 磁盘占用
  InfluxDB 3: 33M
  IoTDB: 19M
  PostgreSQL: 252M
  DolphinDB: 446.3M

[汇总]

========================================================================================
  四库对照结果
========================================================================================

场景                                  InfluxDB 3         IoTDB    PostgreSQL     DolphinDB
----------------------------------------------------------------------------------------
写入吞吐 (pts/s)                           50049.5      112764.6      102958.4      277512.0
降采样 (ms)                                   9.2           4.6           2.6           1.0
插值填充 (ms)                                 16.2           2.8           7.8           1.4
滑动窗口抖动检测 (ms)                              5.8           3.3           1.9           0.9
跨轨迹聚合 (ms)                                 8.5           3.7          11.2           3.9
磁盘占用                                       33M           19M          252M        446.3M

✅ 完成

Script done on 2026-06-17 08:50:20+08:00 [COMMAND_EXIT_CODE="0"]
