========================================================================================
  DROID 场景化 Benchmark
  轨迹: ≤20 条, 分片: 1, ~15Hz
  目标库: InfluxDB 3, IoTDB, PostgreSQL, DolphinDB
========================================================================================

[准备] 加载 DROID...
  20 条轨迹, 5298 步, 111,258 数据点

[写入] InfluxDB 3...
  111,258 点, 52,527 pts/s, 耗时 2.1s

[写入] IoTDB...
  111,258 点, 46,658 pts/s, 耗时 2.4s

[写入] PostgreSQL...
  111,258 行, 98,636 rows/s, 耗时 1.1s

[写入] DolphinDB...
  111,258 行, 446,060 rows/s, 耗时 0.2s

[场景] 场景测试

-------------------------

[场景1] 降采样: 原始 -> 1s 窗口均值 (ep0, jpos_d0)
  InfluxDB 3 6.6 ms | IoTDB 5.2 ms | PostgreSQL 2.3 ms | DolphinDB 1.1 ms

[场景2] 插值: 删除 ep0/jpos_d0 中间 50 点后线性补全
  InfluxDB 3 16.3 ms | IoTDB 3.2 ms | PostgreSQL 4.2 ms | DolphinDB 1.3 ms

[场景3] 滑动窗口: 1s 窗口 STDDEV 检测关节抖动 (ep0, jvel_d0)
  InfluxDB 3 6.0 ms | IoTDB 3.7 ms | PostgreSQL 1.1 ms | DolphinDB 0.9 ms

[场景4] 跨轨迹聚合: 20 条轨迹关节位置全局 AVG + STDDEV
  InfluxDB 3 3.8 ms | IoTDB 3.5 ms | PostgreSQL 5.6 ms | DolphinDB 1.9 ms

[磁盘] 磁盘占用
  InfluxDB 3: 24M
  IoTDB: 17M
  PostgreSQL: 119M
  DolphinDB: 432.1M

[汇总]

========================================================================================
  四库对照结果
========================================================================================

场景                                  InfluxDB 3         IoTDB    PostgreSQL     DolphinDB
----------------------------------------------------------------------------------------
写入吞吐 (pts/s)                           52527.0       46657.7       98635.6      446060.2
降采样 (ms)                                   6.6           5.2           2.3           1.1
插值填充 (ms)                                 16.3           3.2           4.2           1.3
滑动窗口抖动检测 (ms)                              6.0           3.7           1.1           0.9
跨轨迹聚合 (ms)                                 3.8           3.5           5.6           1.9
磁盘占用                                       24M           17M          119M        432.1M

✅ 完成
