========================================================================================
  DROID 场景化 Benchmark
  轨迹: ≤5 条, 分片: 1, ~15Hz
  目标库: InfluxDB 3, IoTDB, PostgreSQL, DolphinDB
========================================================================================

[准备] 加载 DROID...
  5 条轨迹, 1622 步, 34,062 数据点

[写入] InfluxDB 3...
  34,062 点, 64,739 pts/s, 耗时 0.5s

[写入] IoTDB...
  34,062 点, 15,478 pts/s, 耗时 2.2s

[写入] PostgreSQL...
  34,062 行, 90,545 rows/s, 耗时 0.4s

[写入] DolphinDB...
  34,062 行, 411,972 rows/s, 耗时 0.1s

[场景] 场景测试

-------------------------

[场景1] 降采样: 原始 -> 1s 窗口均值 (ep0, jpos_d0)
  InfluxDB 3 5.9 ms | IoTDB 3.7 ms | PostgreSQL 1.5 ms | DolphinDB 1.4 ms

[场景2] 插值: 删除 ep0/jpos_d0 中间 50 点后线性补全
  InfluxDB 3 21.0 ms | IoTDB 2.9 ms | PostgreSQL 4.6 ms | DolphinDB 1.0 ms

[场景3] 滑动窗口: 1s 窗口 STDDEV 检测关节抖动 (ep0, jvel_d0)
  InfluxDB 3 6.7 ms | IoTDB 4.2 ms | PostgreSQL 0.8 ms | DolphinDB 0.9 ms

[场景4] 跨轨迹聚合: 5 条轨迹关节位置全局 AVG + STDDEV
  InfluxDB 3 2.5 ms | IoTDB 5.7 ms | PostgreSQL 1.4 ms | DolphinDB 1.9 ms

[磁盘] 磁盘占用
  InfluxDB 3: 23M
  IoTDB: 17M
  PostgreSQL: 76M
  DolphinDB: 427.6M

[汇总]

========================================================================================
  四库对照结果
========================================================================================

场景                                  InfluxDB 3         IoTDB    PostgreSQL     DolphinDB
----------------------------------------------------------------------------------------
写入吞吐 (pts/s)                           64738.5       15477.9       90545.2      411971.6
降采样 (ms)                                   5.9           3.7           1.5           1.4
插值填充 (ms)                                 21.0           2.9           4.6           1.0
滑动窗口抖动检测 (ms)                              6.7           4.2           0.8           0.9
跨轨迹聚合 (ms)                                 2.5           5.7           1.4           1.9
磁盘占用                                       23M           17M           76M        427.6M

✅ 完成
